Flutter crash report.
Please report a bug at https://github.com/flutter/flutter/issues.

## command

flutter test --machine --start-paused test/widget_test.dart

## exception

ShaderCompilerException: ShaderCompilerException: Shader compilation of "/home/moez/snap/flutter/common/flutter/packages/flutter/lib/src/material/shaders/ink_sparkle.frag" to "build/unit_test_assets/shaders/ink_sparkle.frag" failed with exit code 1.
impellerc stdout:

impellerc stderr:
Could not write file to build/unit_test_assets/shaders/ink_sparkle.frag.spirv




```
#0      ShaderCompiler.compileShader (package:flutter_tools/src/build_system/targets/shader_compiler.dart:200:9)
<asynchronous suspension>
#1      writeBundle.<anonymous closure> (package:flutter_tools/src/bundle_builder.dart:191:25)
<asynchronous suspension>
#2      Future.wait.<anonymous closure> (dart:async/future.dart:525:21)
<asynchronous suspension>
#3      writeBundle (package:flutter_tools/src/bundle_builder.dart:169:3)
<asynchronous suspension>
#4      TestCommand._buildTestAsset (package:flutter_tools/src/commands/test.dart:532:7)
<asynchronous suspension>
#5      TestCommand.runCommand (package:flutter_tools/src/commands/test.dart:341:7)
<asynchronous suspension>
#6      FlutterCommand.run.<anonymous closure> (package:flutter_tools/src/runner/flutter_command.dart:1336:27)
<asynchronous suspension>
#7      AppContext.run.<anonymous closure> (package:flutter_tools/src/base/context.dart:150:19)
<asynchronous suspension>
#8      CommandRunner.runCommand (package:args/command_runner.dart:212:13)
<asynchronous suspension>
#9      FlutterCommandRunner.runCommand.<anonymous closure> (package:flutter_tools/src/runner/flutter_command_runner.dart:296:9)
<asynchronous suspension>
#10     AppContext.run.<anonymous closure> (package:flutter_tools/src/base/context.dart:150:19)
<asynchronous suspension>
#11     FlutterCommandRunner.runCommand (package:flutter_tools/src/runner/flutter_command_runner.dart:244:5)
<asynchronous suspension>
#12     run.<anonymous closure>.<anonymous closure> (package:flutter_tools/runner.dart:91:9)
<asynchronous suspension>
#13     AppContext.run.<anonymous closure> (package:flutter_tools/src/base/context.dart:150:19)
<asynchronous suspension>
#14     main (package:flutter_tools/executable.dart:91:3)
<asynchronous suspension>
```

## flutter doctor

```
[✓] Flutter (Channel stable, 3.10.3, on Ubuntu 22.04.2 LTS 5.19.0-43-generic, locale en_US.UTF-8)
    • Flutter version 3.10.3 on channel stable at /home/moez/snap/flutter/common/flutter
    • Upstream repository https://github.com/flutter/flutter.git
    • Framework revision f92f44110e (3 days ago), 2023-06-01 18:17:33 -0500
    • Engine revision 2a3401c9bb
    • Dart version 3.0.3
    • DevTools version 2.23.1

[✓] Android toolchain - develop for Android devices (Android SDK version 33.0.2)
    • Android SDK at /home/moez/Android/Sdk
    • Platform android-33-ext5, build-tools 33.0.2
    • Java binary at: /home/moez/android-studio/jbr/bin/java
    • Java version OpenJDK Runtime Environment (build 11.0.15+0-b2043.56-8887301)
    • All Android licenses accepted.

[✓] Chrome - develop for the web
    • Chrome at google-chrome

[✓] Linux toolchain - develop for Linux desktop
    • clang version 10.0.0-4ubuntu1
    • cmake version 3.16.3
    • ninja version 1.10.0
    • pkg-config version 0.29.1

[✓] Android Studio (version 2022.1)
    • Android Studio at /home/moez/android-studio
    • Flutter plugin version 72.1.2
    • Dart plugin version 221.6103.1
    • Java version OpenJDK Runtime Environment (build 11.0.15+0-b2043.56-8887301)

[✓] IntelliJ IDEA Ultimate Edition (version 2023.1)
    • IntelliJ at /home/moez/Intelij
    • Flutter plugin can be installed from:
      🔨 https://plugins.jetbrains.com/plugin/9212-flutter
    • Dart plugin can be installed from:
      🔨 https://plugins.jetbrains.com/plugin/6351-dart

[✓] VS Code (version 1.78.2)
    • VS Code at /usr/share/code
    • Flutter extension version 3.66.0

[✓] VS Code
    • VS Code at /snap/code/current
    • Flutter extension version 3.66.0

[✓] Connected device (2 available)
    • Linux (desktop) • linux  • linux-x64      • Ubuntu 22.04.2 LTS 5.19.0-43-generic
    • Chrome (web)    • chrome • web-javascript • Google Chrome 113.0.5672.126
    ! Device R58N75876PA is not authorized.
      You might need to check your device for an authorization dialog.

[✓] Network resources
    • All expected network resources are available.

• No issues found!
```
